>>> 2025-02-09T06:03:54Z
https://github.com/servo/servo/pull/35383	(@maxtidev, @max@maxti.dev, #35383)	script: Replace unnecessary macro in get_constructor_object_from_local_name (#35383)
https://github.com/servo/servo/pull/35384	(@servo-wpt-sync, #35384)	Update web-platform-tests to revision b'1a5b13545ae58e468ed11e4c21912a3faf3355ea' (#35384)
https://github.com/servo/servo/pull/35351	(@nscaife, #35351)	make report_pending_exception safe and adjust callers (#35351)
https://github.com/servo/servo/pull/35379	(@webbeef, #35379)	suppress build warnings when disabling webgpu and webxr (#35379)
https://github.com/servo/servo/pull/35370	(@jschwe, #35370)	Add cli option for tracing-filter (#35370)
>>> 2025-02-10T06:07:48Z
https://github.com/servo/servo/pull/35366	(@mrobinson, #35366)	libservo: Remove message-based API (#35366)
https://github.com/servo/servo/pull/35382	(@maxtidev, @max@maxti.dev, @jdm, #35382)	script: Add shadow dom check to custom element constructor (#35382)
https://github.com/servo/servo/pull/35381	(@mrobinson, #35381)	dom: Always replace unpaired surrogates when handling page text (#35381)
>>> 2025-02-11T06:04:45Z
https://github.com/servo/servo/pull/35411	(@stephenmuss, #35411)	script: make Error::to_jsval safe (#35411)
https://github.com/servo/servo/pull/35400	(@mrobinson, #35400)	libservo: Add a delegate method for HTTP authentication (#35400)
https://github.com/servo/servo/pull/35407	(@mrobinson, #35407)	servoshell: Move `initial_window_size` and `screen_size_override` into `ServoShellPreferences` from `Opts` (#35407)
https://github.com/servo/servo/pull/35309	(@willypuzzle, #35309)	implemented feture and tests (#35309)
https://github.com/servo/servo/pull/35409	(@dependabot[bot], @dependabot[bot], #35409)	build(deps): bump ohos-sys-opaque-types from 0.1.4 to 0.1.5 (#35409)
https://github.com/servo/servo/pull/35404	(@dependabot[bot], @dependabot[bot], #35404)	build(deps): bump cc from 1.2.12 to 1.2.13 (#35404)
https://github.com/servo/servo/pull/35408	(@dependabot[bot], @dependabot[bot], #35408)	build(deps): bump cmake from 0.1.53 to 0.1.54 (#35408)
https://github.com/servo/servo/pull/35406	(@dependabot[bot], @dependabot[bot], #35406)	build(deps): bump winnow from 0.7.1 to 0.7.2 (#35406)
https://github.com/servo/servo/pull/35403	(@dependabot[bot], @dependabot[bot], #35403)	build(deps): bump data-encoding from 2.7.0 to 2.8.0 (#35403)
https://github.com/servo/servo/pull/35402	(@sagudev, #35402)	Revert "Use surfman with glow bindings (#34328)" (#35402)
https://github.com/servo/servo/pull/35401	(@sagudev, #35401)	Remove unintended `dbg!` from `components/net/fetch/methods.rs` (#35401)
https://github.com/servo/servo/pull/35396	(@mrobinson, @mukilan, #35396)	libservo: Flesh out permissions API (#35396)
https://github.com/servo/servo/pull/34794	(@shubhamg13, #34794)	Add support for Upgrade a mixed content request. (#34794)
>>> 2025-02-12T06:04:26Z
https://github.com/servo/servo/pull/35426	(@dependabot[bot], @dependabot[bot], #35426)	build(deps): bump rustls from 0.23.22 to 0.23.23 (#35426)
https://github.com/servo/servo/pull/35425	(@dependabot[bot], @dependabot[bot], #35425)	build(deps): bump toml_edit from 0.22.23 to 0.22.24 (#35425)
https://github.com/servo/servo/pull/35424	(@Loirooriol, #35424)	Let script/webgpu feature imply script_traits/webgpu (#35424)
https://github.com/servo/servo/pull/35420	(@Loirooriol, #35420)	Enable the `quotes` CSS property (#35420)
https://github.com/servo/servo/pull/35417	(@shanehandley, #35417)	script: remove a fixed todo from script/dom/xmlhttprequest.rs (#35417)
>>> 2025-02-14T06:14:23Z
https://github.com/servo/servo/pull/35413	(@Loirooriol, #35413)	layout: Basic implementation of size keywords on `flex-basis` (#35413)
https://github.com/servo/servo/pull/35443	(@Loirooriol, #35443)	layout: Remove `BoxFragment::overflow_clip_rect()` (#35443)
https://github.com/servo/servo/pull/35445	(@mukilan, #35445)	libservo: change 'request_fullscreen_state_change' API to a notification (#35445)
https://github.com/servo/servo/pull/35450	(@kongbai1996, #35450)	fix issue #35449: handle touch events in on_input_event. (#35450)
https://github.com/servo/servo/pull/35314	(@stevennovaryo, #35314)	dom: IntersectionObserver initialization (#35314)
https://github.com/servo/servo/pull/35422	(@sagudev, #35422)	Use surfman with glow bindings (take II) (#35422)
https://github.com/servo/servo/pull/35441	(@webbeef, #35441)	(chore): tinyfiledialog::MessageBoxIcon is only used on Linux (#35441)
https://github.com/servo/servo/pull/35246	(@webbeef, #35246)	Update window.screenX and window.screenY when moving the embedder window (#35246)
https://github.com/servo/servo/pull/35437	(@Loirooriol, #35437)	Protect `create_spanned_slot_based_on_cell_above()` against arithmetic underflow (#35437)
https://github.com/servo/servo/pull/35442	(@jdm, #35442)	Run WPT notifications tests. (#35442)
https://github.com/servo/servo/pull/35439	(@dependabot[bot], @dependabot[bot], #35439)	build(deps): bump miniz_oxide from 0.8.3 to 0.8.4 (#35439)
https://github.com/servo/servo/pull/35438	(@dependabot[bot], @dependabot[bot], #35438)	build(deps): bump clap from 4.5.28 to 4.5.29 (#35438)
https://github.com/servo/servo/pull/35430	(@mrobinson, @mukilan, #35430)	libservo: Expose a single `InputEvent` type and pass it to script (#35430)
https://github.com/servo/servo/pull/35435	(@mukilan, #35435)	script: reset spurious frame counter *only* when reflow is triggered (#35435)
https://github.com/servo/servo/pull/35392	(@Taym95, #35392)	Add Precustomized state to CustomElementState (#35392)
https://github.com/servo/servo/pull/35399	(@chickenleaf, #35399)	servoshell: Port alert/confirm dialog code to use egui intead of tinyfiledialogs (#35399)
https://github.com/servo/servo/pull/35433	(@Loirooriol, #35433)	Test `overflow-clip-margin` with `border-radius` (#35433)
https://github.com/servo/servo/pull/35364	(@pewsheen, #35364)	feat: dispatch mouse `contextmenu` event to DOM and embedder (#35364)
https://github.com/servo/servo/pull/35387	(@mukilan, #35387)	script: fix spurious animation checks to correctly invoke rAF callbacks (#35387)
https://github.com/servo/servo/pull/35431	(@mrobinson, #35431)	prefs: Stop precaching WebRender shaders by default (#35431)
https://github.com/servo/servo/pull/35369	(@mrobinson, #35369)	libservo: Don't bounce ready-to-present frame notifications to the Constellation (#35369)
https://github.com/servo/servo/pull/35103	(@longvatrong111, #35103)	Implement overflow:clip (#35103)
https://github.com/servo/servo/pull/35427	(@jdm, #35427)	bindings: Support non-object this values for callbacks. (#35427)
>>> 2025-02-15T06:05:56Z
https://github.com/servo/servo/pull/35472	(@shanehandley, #35472)	script: remove non-actionable todo from script/dom/document.rs (#35472)
https://github.com/servo/servo/pull/35468	(@dependabot[bot], @dependabot[bot], #35468)	build(deps): bump ring from 0.17.8 to 0.17.9 (#35468)
https://github.com/servo/servo/pull/35467	(@dependabot[bot], @dependabot[bot], #35467)	build(deps): bump cc from 1.2.13 to 1.2.14 (#35467)
https://github.com/servo/servo/pull/35466	(@mrobinson, #35466)	deps: Remove some unused `Cargo.toml` (#35466)
https://github.com/servo/servo/pull/35464	(@chickenleaf, #35464)	servoshell: Port input dialog code to use egui intead of tinyfiledialogs (#35464)
https://github.com/servo/servo/pull/35462	(@yezhizhen, #35462)	Fix scroll_sensitivity related naming issue (#35462)
https://github.com/servo/servo/pull/35414	(@yezhizhen, @mrobinson, #35414)	layout: Implement overflow scroll support for different axes (#35414)
https://github.com/servo/servo/pull/35458	(@jdm, #35458)	chore: Remove outdated FIXME. (#35458)
>>> 2025-02-16T06:05:40Z
https://github.com/servo/servo/pull/35480	(@servo-wpt-sync, #35480)	Update web-platform-tests to revision b'de61904887c13679551c32e5e3e70b4dc870c98a' (#35480)
https://github.com/servo/servo/pull/35473	(@github@gravition.art, #35473)	script: Take away Fallible from new_resolved and new_rejected (#35473)
>>> 2025-02-17T06:06:01Z
https://github.com/servo/servo/pull/35502	(@mrobinson, #35502)	servoshell: Actually set the Servo delegate in servoshell (#35502)
https://github.com/servo/servo/pull/35418	(@Gae24, #35418)	 `DataTransferItem`: improve spec compliance (#35418)
https://github.com/servo/servo/pull/35503	(@sagudev, #35503)	chore: Update wgpu (#35503)
https://github.com/servo/servo/pull/35483	(@jdm, #35483)	net: Use the unfiltered response status when comparing against cached resources. (#35483)
https://github.com/servo/servo/pull/35482	(@shanehandley, #35482)	script: implement HTMLHyperlinkElementUtils for HTMLAreaElement (#35482)
>>> 2025-02-18T06:03:11Z
https://github.com/servo/servo/pull/35479	(@jdm, #35479)	Make WebBluetooth an optional feature. (#35479)
https://github.com/servo/servo/pull/35519	(@simonwuelker, #35519)	Don't attempt to report style attribute for non-htmlelements to devtools (#35519)
https://github.com/servo/servo/pull/35471	(@Loirooriol, #35471)	layout: Fully support sizing keywords on main size property of flex item (#35471)
https://github.com/servo/servo/pull/35515	(@dependabot[bot], @dependabot[bot], #35515)	build(deps): bump smallvec from 1.13.2 to 1.14.0 (#35515)
https://github.com/servo/servo/pull/35469	(@Loirooriol, #35469)	layout: Partial support for sizing keywords on flex items (#35469)
https://github.com/servo/servo/pull/35513	(@dependabot[bot], @dependabot[bot], #35513)	build(deps): bump document-features from 0.2.10 to 0.2.11 (#35513)
https://github.com/servo/servo/pull/35512	(@dependabot[bot], @dependabot[bot], #35512)	build(deps): bump equivalent from 1.0.1 to 1.0.2 (#35512)
https://github.com/servo/servo/pull/35511	(@dependabot[bot], @dependabot[bot], #35511)	build(deps): bump smallbitvec from 2.5.3 to 2.6.0 (#35511)
https://github.com/servo/servo/pull/35510	(@dependabot[bot], @dependabot[bot], #35510)	build(deps): bump the gstreamer-related group with 4 updates (#35510)
https://github.com/servo/servo/pull/35508	(@Gae24, #35508)	window: avoid NonNull<JSObject> in NamedGetter (#35508)
https://github.com/servo/servo/pull/35506	(@simonwuelker, #35506)	Don't remove used fonts in collect_unused_webrender_resources (#35506)
https://github.com/servo/servo/pull/35031	(@kongbai1996, #35031)	implement Touchevent prevent default behavior (#35031)
https://github.com/servo/servo/pull/35465	(@mrobinson, @mukilan, #35465)	libservo: Expose an `OffscreenRenderingContext` and use it for servoshell (#35465)
https://github.com/servo/servo/pull/35505	(@yezhizhen, #35505)	dom: expose obsolete `scheme` attribute for meta tag (#35505)
>>> 2025-02-19T06:07:15Z
https://github.com/servo/servo/pull/35530	(@simonwuelker, #35530)	Ensure that qualified-name segments start with a valid start character (#35530)
https://github.com/servo/servo/pull/35516	(@jschwe, #35516)	Fix android build on arm macs (#35516)
https://github.com/servo/servo/pull/35527	(@dependabot[bot], @dependabot[bot], #35527)	build(deps): bump typenum from 1.17.0 to 1.18.0 (#35527)
https://github.com/servo/servo/pull/34842	(@pewsheen, @jdm, #34842)	feat: add `Notification` Web API binding (#34842)
https://github.com/servo/servo/pull/35526	(@dependabot[bot], @dependabot[bot], #35526)	build(deps): bump clap from 4.5.29 to 4.5.30 (#35526)
https://github.com/servo/servo/pull/35525	(@dependabot[bot], @dependabot[bot], #35525)	build(deps): bump the gstreamer-related group with 22 updates (#35525)
https://github.com/servo/servo/pull/35501	(@mrobinson, #35501)	libservo: Expose `SoftwareRenderingContext` and `WindowRenderingContext` (#35501)
https://github.com/servo/servo/pull/35416	(@jdm, #35416)	script: Add custom logging representation for DOM interfaces. (#35416)
>>> 2025-02-20T06:07:24Z
https://github.com/servo/servo/pull/35545	(@dependabot[bot], @dependabot[bot], #35545)	build(deps): bump unicode-ident from 1.0.16 to 1.0.17 (#35545)
https://github.com/servo/servo/pull/35536	(@mrobinson, @wusyong, #35536)	compositing: Split non-WebView-specific data into `ServoRenderer` (#35536)
https://github.com/servo/servo/pull/35544	(@mrobinson, #35544)	Remove `Servo::allow_navigation_request` (#35544)
https://github.com/servo/servo/pull/35507	(@chickenleaf, #35507)	servoshell: Port Authentication dialog code to use egui intead of tinyfiledialogs (#35507)
https://github.com/servo/servo/pull/34844	(@gterzian, @jdm, #34844)	dom: Implement `WritableStream` (#34844)
https://github.com/servo/servo/pull/35535	(@dklassic, #35535)	feat: support pre-edit text display for IME (#35535)
https://github.com/servo/servo/pull/35474	(@jschwe, #35474)	pixels: Fix webp detection (#35474)
https://github.com/servo/servo/pull/35522	(@mrobinson, @wusyong, @mukilan, #35522)	libservo: Rework and clarify the rendering model of the `WebView` (#35522)
https://github.com/servo/servo/pull/35262	(@mukilan, #35262)	script: add skeleton implementation of `FontFace` API (#35262)
>>> 2025-02-21T06:06:29Z
https://github.com/servo/servo/pull/35566	(@jdm, #35566)	Revert "build(deps): bump aws-lc-rs from 1.12.2 to 1.12.3 (#35561)" (#35566)
https://github.com/servo/servo/pull/35538	(@mrobinson, @wusyong, #35538)	compositing: Move image output and shutdown management out of the compositor (#35538)
https://github.com/servo/servo/pull/35561	(@dependabot[bot], @dependabot[bot], #35561)	build(deps): bump aws-lc-rs from 1.12.2 to 1.12.3 (#35561)
https://github.com/servo/servo/pull/35562	(@dependabot[bot], @dependabot[bot], #35562)	build(deps): bump taffy from 0.7.5 to 0.7.6 (#35562)
https://github.com/servo/servo/pull/35563	(@dependabot[bot], @dependabot[bot], #35563)	build(deps): bump serde_json from 1.0.138 to 1.0.139 (#35563)
https://github.com/servo/servo/pull/35560	(@dependabot[bot], @dependabot[bot], #35560)	build(deps): bump string_cache_codegen from 0.5.3 to 0.5.4 (#35560)
https://github.com/servo/servo/pull/35559	(@dependabot[bot], @dependabot[bot], #35559)	build(deps): bump serde from 1.0.217 to 1.0.218 (#35559)
https://github.com/servo/servo/pull/35558	(@dependabot[bot], @dependabot[bot], #35558)	build(deps): bump anyhow from 1.0.95 to 1.0.96 (#35558)
https://github.com/servo/servo/pull/35557	(@dependabot[bot], @dependabot[bot], #35557)	build(deps): bump app_units from 0.7.6 to 0.7.7 (#35557)
https://github.com/servo/servo/pull/35556	(@dependabot[bot], @dependabot[bot], #35556)	build(deps): bump winnow from 0.7.2 to 0.7.3 (#35556)
https://github.com/servo/servo/pull/35541	(@augustebaum, #35541)	Propagate `CanGc` arguments through callers in constructors (#35541)
https://github.com/servo/servo/pull/35553	(@mrobinson, #35553)	libservo: Move GL acclerated media setup out of `RenderingContext` and simplify it (#35553)
https://github.com/servo/servo/pull/35547	(@delan, #35547)	libservo: Clean up destroyed webview handles (#35547)
https://github.com/servo/servo/pull/35546	(@dklassic, #35546)	chore: cleanup IME code for Servoshell (#35546)
>>> 2025-02-22T06:07:09Z
https://github.com/servo/servo/pull/35578	(@jdm, #35578)	Move more bindings code to script_bindings (#35578)
https://github.com/servo/servo/pull/35593	(@yerke, #35593)	refactor: add CanGc as argument to extract_size_algorithm (#35593)
https://github.com/servo/servo/pull/35592	(@webbeef, #35592)	dom: Move child_list to rare data (#35592)
https://github.com/servo/servo/pull/35590	(@webbeef, #35590)	build winit_minimal with bluetooth disabled (#35590)
https://github.com/servo/servo/pull/35448	(@sagudev, #35448)	script: Add `CanvasContext` trait (#35448)
https://github.com/servo/servo/pull/35589	(@webbeef, #35589)	Add get_url() to GlobalScopeHelper (#35589)
https://github.com/servo/servo/pull/35554	(@webbeef, #35554)	dom: move node ranges to raredata (#35554)
https://github.com/servo/servo/pull/35586	(@dependabot[bot], @dependabot[bot], #35586)	build(deps): bump cc from 1.2.14 to 1.2.15 (#35586)
https://github.com/servo/servo/pull/35585	(@dependabot[bot], @dependabot[bot], #35585)	build(deps): bump ring from 0.17.9 to 0.17.10 (#35585)
https://github.com/servo/servo/pull/35584	(@dependabot[bot], @dependabot[bot], #35584)	build(deps): bump log from 0.4.25 to 0.4.26 (#35584)
https://github.com/servo/servo/pull/35582	(@dependabot[bot], @dependabot[bot], #35582)	build(deps): bump aws-lc-rs from 1.12.2 to 1.12.4 (#35582)
https://github.com/servo/servo/pull/35565	(@augustebaum, #35565)	refactor: propagate CanGc arguments through callers (#35565)
https://github.com/servo/servo/pull/35524	(@simonwuelker, #35524)	Support the `<meter>` element (#35524)
https://github.com/servo/servo/pull/35580	(@simonwuelker, #35580)	Allow resetting multiple flags at once in Element::set_state (#35580)
https://github.com/servo/servo/pull/35564	(@mrobinson, #35564)	libservo: Convert `intercept_web_resource_load` into `load_web_resource` (#35564)
https://github.com/servo/servo/pull/35577	(@chickenleaf, #35577)	servoshell: Port Permission dialog code to use egui instead of tinyfiledialogs (#35577)
https://github.com/servo/servo/pull/35459	(@jdm, #35459)	script: Make callbacks generic over DOM interfaces. (#35459)
https://github.com/servo/servo/pull/35567	(@xiaochengh, #35567)	Rebase and squash (#35567)
https://github.com/servo/servo/pull/35457	(@jdm, #35457)	script: Refer to DOM interfaces with generic types in generated bindings. (#35457)
https://github.com/servo/servo/pull/35573	(@delan, #35573)	Fix mach argument quoting on NixOS (#35573)
https://github.com/servo/servo/pull/35569	(@pewsheen, #35569)	fix(servoshell): blank view when close non focused tab (#35569)
https://github.com/servo/servo/pull/35550	(@kongbai1996, #35550)	fix touch event wrong coordinates. pageX, pageY, clientX, clientY etc. (#35550)
>>> 2025-02-23T06:01:43Z
https://github.com/servo/servo/pull/35610	(@yerke, #35610)	refactor: add CanGc as argument to DataBlock::view (#35610)
https://github.com/servo/servo/pull/35591	(@augustebaum, #35591)	refactor: propagate CanGc arguments through callers (#35591)
https://github.com/servo/servo/pull/35609	(@yerke, #35609)	refactor: add CanGc as argument to WindowProxy::set_window (#35609)
https://github.com/servo/servo/pull/35612	(@yerke, #35612)	chore: silence unused import warning in app_state.rs (#35612)
https://github.com/servo/servo/pull/35607	(@webbeef, #35607)	Remove the traversal for DomRoot values when collection memory usage (#35607)
https://github.com/servo/servo/pull/35555	(@Narfinger, @mrobinson, #35555)	Use counter instead of time for HTMLFormElement. (#35555)
https://github.com/servo/servo/pull/35601	(@yerke, #35601)	refactor: add CanGc as argument to SubtleCrypto::import_key_{pbkdf2, aes, hkdf, hmac} (#35601)
https://github.com/servo/servo/pull/35596	(@yerke, @jdm, #35596)	refactor: add CanGc as argument to create_buffer_source_with_length (#35596)
https://github.com/servo/servo/pull/35595	(@yerke, #35595)	refactor: add CanGc as argument to CountQueuingStrategy::GetSize (#35595)
https://github.com/servo/servo/pull/35594	(@yerke, #35594)	refactor: add CanGc as argument to ByteLengthQueuingStrategy::GetSize (#35594)
https://github.com/servo/servo/pull/35597	(@yerke, #35597)	refactor: add CanGc as argument to create_buffer_source (#35597)
>>> 2025-02-24T06:04:42Z
https://github.com/servo/servo/pull/35622	(@yerke, #35622)	refactor: add CanGc as argument to Promise::reject (#35622)
https://github.com/servo/servo/pull/35618	(@webbeef, #35618)	Improve scheduling of the memory profiler. (#35618)
https://github.com/servo/servo/pull/35604	(@augustebaum, #35604)	Propagate more `CanGc` (#35604)
https://github.com/servo/servo/pull/35619	(@sagudev, #35619)	Unify `(Offscreen)CanvasRenderingContext2d` and make `PaintRenderingContext2D` standalone (#35619)
https://github.com/servo/servo/pull/35617	(@yerke, #35617)	refactor RTCError::new_inherited (#35617)
https://github.com/servo/servo/pull/35620	(@jdm, #35620)	Move more bindings types to script_bindings (#35620)
https://github.com/servo/servo/pull/35616	(@yerke, #35616)	refactor: add CanGc as argument to Promise::resolve (#35616)
https://github.com/servo/servo/pull/35605	(@Gae24, #35605)	script: add `CanGc` argument to `Promise::new_resolved` and `Promise::new_rejected` (#35605)
>>> 2025-02-25T06:06:52Z
https://github.com/servo/servo/pull/35640	(@yerke, #35640)	refactor: add CanGc as argument to Promise::reject_native (#35640)
https://github.com/servo/servo/pull/35639	(@sagudev, #35639)	chore: Update wgpu (#35639)
https://github.com/servo/servo/pull/35606	(@simonwuelker, #35606)	Don't tell stylo about stylesheets that are not in a browsing context (#35606)
https://github.com/servo/servo/pull/35628	(@simonwuelker, #35628)	Update to rust 1.85 (#35628)
https://github.com/servo/servo/pull/35637	(@sagudev, #35637)	ci: Always install crown, even on self-hosted (#35637)
https://github.com/servo/servo/pull/35552	(@kkoyung, @Loirooriol, #35552)	Support for the `isolation` CSS property (#35552)
https://github.com/servo/servo/pull/35627	(@yezhizhen, #35627)	script: Fix typo in `ScriptThread::process_pending_input_events` (#35627)
https://github.com/servo/servo/pull/35624	(@delan, #35624)	libservo: Refactor ipc-channel default response logic (#35624)
https://github.com/servo/servo/pull/35629	(@sagudev, #35629)	Do not assume `OffscreenCanvasContext` to be 2d (#35629)
https://github.com/servo/servo/pull/35602	(@mrobinson, #35602)	libservo: Move WebDriver messages to the `embedder` crate (#35602)
https://github.com/servo/servo/pull/35630	(@Loirooriol, #35630)	layout: Ignore indefinite `stretch` on min and max sizing properties (#35630)
https://github.com/servo/servo/pull/35632	(@Loirooriol, #35632)	Prevent lint job from trying to use incompatible cargo-deny version (#35632)
https://github.com/servo/servo/pull/35625	(@sagudev, #35625)	Remove `get_ipc_sender` from `OffscreenCanvasRenderingContext2D` (#35625)
>>> 2025-02-26T06:06:57Z
https://github.com/servo/servo/pull/35664	(@IsaacMarovitz, #35664)	Donâ€™t prompt user for credentials for non-Navigate request (#35664)
https://github.com/servo/servo/pull/35661	(@dependabot[bot], @dependabot[bot], #35661)	build(deps): bump either from 1.13.0 to 1.14.0 (#35661)
https://github.com/servo/servo/pull/35660	(@dependabot[bot], @dependabot[bot], #35660)	build(deps): bump miniz_oxide from 0.8.4 to 0.8.5 (#35660)
https://github.com/servo/servo/pull/35658	(@dependabot[bot], @dependabot[bot], #35658)	build(deps): bump tar from 0.4.43 to 0.4.44 (#35658)
https://github.com/servo/servo/pull/35656	(@dependabot[bot], @dependabot[bot], #35656)	build(deps): bump ring from 0.17.10 to 0.17.11 (#35656)
https://github.com/servo/servo/pull/35655	(@dependabot[bot], @dependabot[bot], #35655)	build(deps): bump libc from 0.2.169 to 0.2.170 (#35655)
https://github.com/servo/servo/pull/35621	(@mrobinson, #35621)	libservo: Move size handling to `RenderContext` from `WindowMethods` (#35621)
https://github.com/servo/servo/pull/35653	(@Loirooriol, #35653)	layout: Change the `IndefiniteContainingBlock` sizes to `Option<Au>` (#35653)
https://github.com/servo/servo/pull/35647	(@yerke, #35647)	refactor: add CanGc as argument to exception_to_promise (#35647)
https://github.com/servo/servo/pull/35261	(@simonwuelker, #35261)	Allow the `<details>` element to be opened and closed (#35261)
https://github.com/servo/servo/pull/35643	(@mukilan, #35643)	Bump channel in shell.nix to support rustc 1.85. (#35643)
https://github.com/servo/servo/pull/35646	(@yerke, #35646)	refactor: add CanGc as argument to Promise::reject_error (#35646)
https://github.com/servo/servo/pull/35648	(@mrobinson, #35648)	servoshell: Fall back to PNG format when outputting an image (#35648)
https://github.com/servo/servo/pull/35642	(@Loirooriol, #35642)	layout: Let `automatic_min_size()` take a flex-relative cb size (#35642)
https://github.com/servo/servo/pull/35623	(@dklassic, #35623)	feat: support IME cursor area (#35623)
https://github.com/servo/servo/pull/35537	(@kongbai1996, @schwenderjonathan@gmail.com, #35537)	Touch handler: Fix race condition and rate-limit move events (#35537)
https://github.com/servo/servo/pull/35583	(@dependabot[bot], @dependabot[bot], #35583)	build(deps): bump inout from 0.1.3 to 0.1.4 (#35583)
>>> 2025-02-27T06:04:20Z
https://github.com/servo/servo/pull/35686	(@webbeef, #35686)	winit_minimal: fix build breakage (#35686)
https://github.com/servo/servo/pull/35579	(@delan, #35579)	libservo: Clean up interfaces for alert()/confirm()/prompt() (#35579)
https://github.com/servo/servo/pull/35663	(@Loirooriol, #35663)	layout: Support `stretch` cross size for flex base size (#35663)
https://github.com/servo/servo/pull/35680	(@dependabot[bot], @dependabot[bot], #35680)	build(deps): bump chrono from 0.4.39 to 0.4.40 (#35680)
https://github.com/servo/servo/pull/35652	(@Loirooriol, #35652)	layout: Support `stretch` cross size for automatic min size in flexbox (#35652)
https://github.com/servo/servo/pull/35662	(@mrobinson, #35662)	libservo: Add `WebView` immediately to the Compositor (#35662)
https://github.com/servo/servo/pull/35677	(@jdm, #35677)	Allow webdriver screenshots to occur immediately upon request. (#35677)
https://github.com/servo/servo/pull/35671	(@chickenleaf, #35671)	Blocks all background webview interactions when a dialog is open (#35671)
https://github.com/servo/servo/pull/35672	(@delan, @mrobinson, #35672)	Make auxiliary webviews exist in the constellation immediately (#35672)
https://github.com/servo/servo/pull/35654	(@dependabot[bot], @dependabot[bot], #35654)	build(deps): bump flate2 from 1.0.35 to 1.1.0 (#35654)
https://github.com/servo/servo/pull/35531	(@simonwuelker, #35531)	Implement the <progress> element (#35531)
https://github.com/servo/servo/pull/35657	(@chickenleaf, #35657)	servoshell: Port SelectDevice dialog code to use egui instead of tinyfiledialogs (#35657)
https://github.com/servo/servo/pull/35659	(@dependabot[bot], @dependabot[bot], #35659)	build(deps): bump clap from 4.5.30 to 4.5.31 (#35659)
>>> 2025-02-28T06:07:21Z
https://github.com/servo/servo/pull/35674	(@chickenleaf, #35674)	Remove tinyfiledialogs dependency (#35674)
https://github.com/servo/servo/pull/35699	(@Gae24, #35699)	script: Avoid double borrow crash in `DataTransferItem` (#35699)
https://github.com/servo/servo/pull/35151	(@yoseio, @gterzian, @Taym95, #35151)	script: Implement `Blob::bytes()` (#35151)
https://github.com/servo/servo/pull/35711	(@dependabot[bot], @dependabot[bot], #35711)	build(deps): bump calendrical_calculations from 0.1.2 to 0.1.3 (#35711)
https://github.com/servo/servo/pull/35710	(@dependabot[bot], @dependabot[bot], #35710)	build(deps): bump litemap from 0.7.4 to 0.7.5 (#35710)
https://github.com/servo/servo/pull/35709	(@dependabot[bot], @dependabot[bot], #35709)	build(deps): bump zerofrom from 0.1.5 to 0.1.6 (#35709)
https://github.com/servo/servo/pull/35706	(@dependabot[bot], @dependabot[bot], #35706)	build(deps): bump async-compression from 0.4.18 to 0.4.19 (#35706)
https://github.com/servo/servo/pull/35708	(@dependabot[bot], @dependabot[bot], #35708)	build(deps): bump zerofrom-derive from 0.1.5 to 0.1.6 (#35708)
https://github.com/servo/servo/pull/34770	(@xiaochengh, #34770)	layout: Implement a non-recursive version of CSS `quotes` (#34770)
https://github.com/servo/servo/pull/35691	(@webbeef, #35691)	winit_mininal: support proper window resizing (#35691)
https://github.com/servo/servo/pull/35703	(@mrobinson, #35703)	clippy: Fix a couple clippy warnings on macOS (#35703)
https://github.com/servo/servo/pull/35702	(@mrobinson, #35702)	compositor Remove `frame_tree_id` member (#35702)
https://github.com/servo/servo/pull/35688	(@Loirooriol, #35688)	layout: Use definite cross size to compute flex base size (#35688)
https://github.com/servo/servo/pull/35694	(@yezhizhen, #35694)	Update sensitivity naming in `DisplayList::new` (#35694)
https://github.com/servo/servo/pull/35692	(@shubhamg13, #35692)	Set limits on pinch zoom (#35692)
https://github.com/servo/servo/pull/35695	(@sagudev, #35695)	Reuse same `ImageKey` for 2d canvas (#35695)
https://github.com/servo/servo/pull/35651	(@mukilan, #35651)	bindings: Fix support for interface members in setlike/maplike. (#35651)
>>> 2025-03-01T06:05:03Z
https://github.com/servo/servo/pull/35729	(@yerke, #35729)	refactor: add CanGc as argument to BaseAudioContext::{Destination, Listener} (#35729)
https://github.com/servo/servo/pull/35722	(@dependabot[bot], @dependabot[bot], #35722)	build(deps): bump cc from 1.2.15 to 1.2.16 (#35722)
https://github.com/servo/servo/pull/35721	(@dependabot[bot], @dependabot[bot], #35721)	build(deps): bump async-compression from 0.4.19 to 0.4.20 (#35721)
https://github.com/servo/servo/pull/35705	(@mrobinson, #35705)	fonts: Remove the per-FontGroup cached fallback font (#35705)
https://github.com/servo/servo/pull/35638	(@mrobinson, #35638)	libservo: Stop double-buffering `OffscreenRenderingContext` (#35638)
>>> 2025-03-02T06:04:32Z
https://github.com/servo/servo/pull/35735	(@simonwuelker, #35735)	Refactor devtools server (#35735)
https://github.com/servo/servo/pull/35725	(@simonwuelker, #35725)	Don't recurse in Node::GetRootNode (#35725)
https://github.com/servo/servo/pull/35732	(@yerke, #35732)	refactor: add CanGc as argument to methods in CanvasRenderingContext2D and OffscreenCanvasRenderingContext2D (#35732)
https://github.com/servo/servo/pull/35581	(@Narfinger, #35581)	servoshell: Read prefs.json from bundle on OHOS (#35581)
https://github.com/servo/servo/pull/35731	(@yerke, #35731)	refactor: add CanGc as argument to OffscreenCanvas methods (#35731)
https://github.com/servo/servo/pull/35730	(@yerke, #35730)	sync cargo-deny version in python/servo/platform/base.py (#35730)
>>> 2025-03-03T06:06:08Z
https://github.com/servo/servo/pull/35670	(@yezhizhen, #35670)	layout: Merge `BoxFragment::used_overflow` into `ComputedValuesExt::effective_overflow` (#35670) (#35670)
https://github.com/servo/servo/pull/35746	(@sagudev, #35746)	Generate Try Configuration use `ubuntu-22.04` (#35746)
https://github.com/servo/servo/pull/35741	(@servo-wpt-sync, #35741)	Update web-platform-tests to revision b'fc557e215e11221c91de4f283539725ef2f35928' (#35741)
https://github.com/servo/servo/pull/35745	(@simonwuelker, #35745)	Respond to the `connect` message from a devtools client (#35745)
https://github.com/servo/servo/pull/35718	(@xiaochengh, #35718)	script: Implement preparation-time document (#35718)
https://github.com/servo/servo/pull/35713	(@kongbai1996, #35713)	add `cancelable` property to the `TouchEvent` (#35713)
https://github.com/servo/servo/pull/35743	(@yerke, #35743)	refactor: add CanGc as argument to methods in CSSGroupingRule, CSSKeyframesRule, Crypto (#35743)
https://github.com/servo/servo/pull/35740	(@webbeef, #35740)	Set a valid default value for the --userscripts command line option (#35740)
>>> 2025-03-04T06:07:19Z
https://github.com/servo/servo/pull/35701	(@mrobinson, @delan, #35701)	compositor: Make `PipelineDetails` and pending paint metrics per-WebView (#35701)
https://github.com/servo/servo/pull/35782	(@Loirooriol, #35782)	Upgrade Stylo to 2025-03-01 (#35782)
https://github.com/servo/servo/pull/35778	(@dependabot[bot], @dependabot[bot], #35778)	build(deps): bump tokio-rustls from 0.26.1 to 0.26.2 (#35778)
https://github.com/servo/servo/pull/35780	(@dependabot[bot], @dependabot[bot], #35780)	build(deps): bump proc-macro2 from 1.0.93 to 1.0.94 (#35780)
https://github.com/servo/servo/pull/35779	(@dependabot[bot], @dependabot[bot], #35779)	build(deps): bump pin-project from 1.1.9 to 1.1.10 (#35779)
https://github.com/servo/servo/pull/35777	(@dependabot[bot], @dependabot[bot], #35777)	build(deps): bump serde_bytes from 0.11.15 to 0.11.16 (#35777)
https://github.com/servo/servo/pull/35776	(@dependabot[bot], @dependabot[bot], #35776)	build(deps): bump quote from 1.0.38 to 1.0.39 (#35776)
https://github.com/servo/servo/pull/35775	(@dependabot[bot], @dependabot[bot], #35775)	build(deps): bump bitflags from 2.8.0 to 2.9.0 (#35775)
https://github.com/servo/servo/pull/35773	(@dependabot[bot], @dependabot[bot], #35773)	build(deps): bump aws-lc-rs from 1.12.4 to 1.12.5 (#35773)
https://github.com/servo/servo/pull/35774	(@dependabot[bot], @dependabot[bot], #35774)	build(deps): bump syn from 2.0.98 to 2.0.99 (#35774)
https://github.com/servo/servo/pull/35772	(@dependabot[bot], @dependabot[bot], #35772)	build(deps): bump anyhow from 1.0.96 to 1.0.97 (#35772)
https://github.com/servo/servo/pull/35763	(@kongbai1996, @schwenderjonathan@gmail.com, #35763)	Fix the problem that touchmove crashes occasionally. Fix crash when multiple touch cancels occur (#35763)
https://github.com/servo/servo/pull/35753	(@jdm, #35753)	script: Mark callback methods with CanGc. (#35753)
https://github.com/servo/servo/pull/35764	(@simonwuelker, #35764)	Update rustfmt to the 2024 style edition (#35764)
https://github.com/servo/servo/pull/35717	(@mrobinson, #35717)	servoshell: Rename `Minibrowser::is_in_browser_rect` to `Minibrowser::is_in_egui_toolbar_rect` (#35717)
https://github.com/servo/servo/pull/35742	(@leftmostcat@gmail.com, #35742)	script: Avoid double borrow crash on iframe focus (#35742)
>>> 2025-03-05T06:05:04Z
https://github.com/servo/servo/pull/35771	(@dependabot[bot], @dependabot[bot], #35771)	build(deps): bump serde_json from 1.0.139 to 1.0.140 (#35771)
https://github.com/servo/servo/pull/35794	(@jschwe, #35794)	servoshell: Minor fixes to cli help. (#35794)
https://github.com/servo/servo/pull/35781	(@jschwe, #35781)	Reduce allocations in layout_block_level_children_in_parallel (#35781)
https://github.com/servo/servo/pull/35785	(@kongbai1996, #35785)	Optimize IPC for non-cancelable touch events (#35785)
https://github.com/servo/servo/pull/35682	(@Loirooriol, #35682)	layout: Partial support for keyword sizes on preferred cross size (#35682)
>>> 2025-03-06T06:03:38Z
https://github.com/servo/servo/pull/35804	(@jschwe, #35804)	hos CI: fix app bundlename (#35804)
https://github.com/servo/servo/pull/35716	(@delan, @mrobinson, #35716)	compositor: Make input event handling per-WebView (#35716)
https://github.com/servo/servo/pull/35796	(@yerke, #35796)	refactor: add CanGc as argument to methods in CSSKeyframeRule, CSSMediaRule, CSSRule (#35796)
https://github.com/servo/servo/pull/35790	(@jschwe, #35790)	Rename ohos app bundle (#35790)
https://github.com/servo/servo/pull/35792	(@atbrakhi, #35792)	devtools: update targeted firefox version. (#35792)
https://github.com/servo/servo/pull/35795	(@delan, #35795)	mach: Install Rust toolchain during bootstrap if needed (#35795)
>>> 2025-03-07T06:03:54Z
https://github.com/servo/servo/pull/35820	(@dependabot[bot], @dependabot[bot], #35820)	build(deps): bump proc-macro-crate from 3.2.0 to 3.3.0 (#35820)
https://github.com/servo/servo/pull/35819	(@dependabot[bot], @dependabot[bot], #35819)	build(deps): bump bytemuck from 1.21.0 to 1.22.0 (#35819)
https://github.com/servo/servo/pull/35818	(@dependabot[bot], @dependabot[bot], #35818)	build(deps): bump rustversion from 1.0.19 to 1.0.20 (#35818)
https://github.com/servo/servo/pull/35817	(@dependabot[bot], @dependabot[bot], #35817)	build(deps): bump ryu from 1.0.19 to 1.0.20 (#35817)
https://github.com/servo/servo/pull/35814	(@dependabot[bot], @dependabot[bot], #35814)	build(deps): bump semver from 1.0.25 to 1.0.26 (#35814)
https://github.com/servo/servo/pull/35815	(@dependabot[bot], @dependabot[bot], #35815)	build(deps): bump time from 0.3.37 to 0.3.39 (#35815)
https://github.com/servo/servo/pull/35813	(@dependabot[bot], @dependabot[bot], #35813)	build(deps): bump epaint_default_fonts from 0.31.0 to 0.31.1 (#35813)
https://github.com/servo/servo/pull/35811	(@dependabot[bot], @dependabot[bot], #35811)	build(deps): bump dtoa from 1.0.9 to 1.0.10 (#35811)
https://github.com/servo/servo/pull/35812	(@dependabot[bot], @dependabot[bot], #35812)	build(deps): bump unicode-ident from 1.0.17 to 1.0.18 (#35812)
https://github.com/servo/servo/pull/35810	(@dependabot[bot], @dependabot[bot], #35810)	build(deps): bump the egui-related group with 5 updates (#35810)
https://github.com/servo/servo/pull/35769	(@simonwuelker, #35769)	Let layout invalidations happen in the flat tree (#35769)
https://github.com/servo/servo/pull/35807	(@jschwe, #35807)	hos CI: fix checking success (#35807)
>>> 2025-03-08T05:59:57Z
https://github.com/servo/servo/pull/35861	(@webbeef, #35861)	Remove obsolete memory profiler console output (#35861)
https://github.com/servo/servo/pull/35816	(@Loirooriol, #35816)	layout: Assert that `hypothetical_cross_size` is already correct (#35816)
https://github.com/servo/servo/pull/35855	(@dependabot[bot], @dependabot[bot], #35855)	build(deps): bump is-terminal from 0.4.15 to 0.4.16 (#35855)
https://github.com/servo/servo/pull/35853	(@dependabot[bot], @dependabot[bot], #35853)	build(deps): bump itoa from 1.0.14 to 1.0.15 (#35853)
https://github.com/servo/servo/pull/35852	(@dependabot[bot], @dependabot[bot], #35852)	build(deps): bump prettyplease from 0.2.29 to 0.2.30 (#35852)
https://github.com/servo/servo/pull/35857	(@dependabot[bot], @dependabot[bot], #35857)	build(deps): bump pkg-config from 0.3.31 to 0.3.32 (#35857)
https://github.com/servo/servo/pull/35846	(@dependabot[bot], @dependabot[bot], #35846)	build(deps): bump httparse from 1.10.0 to 1.10.1 (#35846)
https://github.com/servo/servo/pull/35845	(@dependabot[bot], @dependabot[bot], #35845)	build(deps): bump bytes from 1.10.0 to 1.10.1 (#35845)
https://github.com/servo/servo/pull/35808	(@HastD, #35808)	layout: Make `transform-style: preserve-3d` establish a containing block for all descendants (#35808)
https://github.com/servo/servo/pull/35854	(@Loirooriol, #35854)	Ignore RUSTSEC-2024-0436 (crate `paste` is unmaintained) (#35854)
https://github.com/servo/servo/pull/35844	(@dependabot[bot], @dependabot[bot], #35844)	build(deps): bump oorandom from 11.1.4 to 11.1.5 (#35844)
https://github.com/servo/servo/pull/35843	(@dependabot[bot], @dependabot[bot], #35843)	build(deps): bump content-security-policy from 0.5.3 to 0.5.4 (#35843)
https://github.com/servo/servo/pull/35842	(@dependabot[bot], @dependabot[bot], #35842)	build(deps): bump ring from 0.17.11 to 0.17.13 (#35842)
https://github.com/servo/servo/pull/35838	(@dependabot[bot], @dependabot[bot], #35838)	build(deps): bump egui_glow in the egui-related group (#35838)
https://github.com/servo/servo/pull/35840	(@dependabot[bot], @dependabot[bot], #35840)	build(deps): bump android_logger from 0.14.1 to 0.15.0 (#35840)
https://github.com/servo/servo/pull/35841	(@dependabot[bot], @dependabot[bot], #35841)	build(deps): bump either from 1.14.0 to 1.15.0 (#35841)
https://github.com/servo/servo/pull/35839	(@dependabot[bot], @dependabot[bot], #35839)	build(deps): bump taffy from 0.7.6 to 0.7.7 (#35839)
https://github.com/servo/servo/pull/35837	(@stephenmuss, #35837)	Fix missing space in title of directory listings (#35837)
https://github.com/servo/servo/pull/35836	(@stephenmuss, #35836)	reuse effects var in establishes_stacking_context (#35836)
https://github.com/servo/servo/pull/35823	(@atouchet, #35823)	Add epaint_default_fonts to egui Dependabot group (#35823)
https://github.com/servo/servo/pull/35728	(@webbeef, #35728)	Add an about:memory page (#35728)
>>> 2025-03-09T06:00:37Z
https://github.com/servo/servo/pull/35869	(@servo-wpt-sync, #35869)	Update web-platform-tests to revision b'c23b0ad587af296087067b48a2f2101233589a8f' (#35869)
https://github.com/servo/servo/pull/35864	(@kkoyung, #35864)	Implement can-have-its-url-rewritten for history api (#35864)
>>> 2025-03-10T06:09:49Z
https://github.com/servo/servo/pull/35789	(@dklassic, #35789)	feat: display file chosen for input file (#35789)
https://github.com/servo/servo/pull/35756	(@k+github@kafji.net, #35756)	Allow domain-like as URL location input (#35756)
https://github.com/servo/servo/pull/35874	(@simonwuelker, #35874)	Register iframes with the devtools (#35874)
https://github.com/servo/servo/pull/35787	(@yezhizhen, #35787)	layout: support CSS will-change (#35787)
>>> 2025-03-11T06:06:48Z
https://github.com/servo/servo/pull/35897	(@nicoburns, #35897)	Eliminate to_shmem dependency from servo_url (#35897)
https://github.com/servo/servo/pull/35802	(@simonwuelker, #35802)	Keep a list of slot descendants on each shadow root (#35802)
https://github.com/servo/servo/pull/35821	(@Loirooriol, #35821)	layout: Remove `calculate_hypothetical_cross_size()` (#35821)
https://github.com/servo/servo/pull/35410	(@Taym95, @gterzian, #35410)	script: implement ReadableByteStreamController (#35410)
https://github.com/servo/servo/pull/35890	(@dependabot[bot], @dependabot[bot], #35890)	build(deps): bump tokio from 1.43.0 to 1.44.0 (#35890)
https://github.com/servo/servo/pull/35889	(@dependabot[bot], @dependabot[bot], #35889)	build(deps): bump app_units from 0.7.7 to 0.7.8 (#35889)
https://github.com/servo/servo/pull/35887	(@dependabot[bot], @dependabot[bot], #35887)	build(deps): bump serde from 1.0.218 to 1.0.219 (#35887)
https://github.com/servo/servo/pull/35886	(@dependabot[bot], @dependabot[bot], #35886)	build(deps): bump syn from 2.0.99 to 2.0.100 (#35886)
https://github.com/servo/servo/pull/35885	(@dependabot[bot], @dependabot[bot], #35885)	build(deps): bump serde_bytes from 0.11.16 to 0.11.17 (#35885)
https://github.com/servo/servo/pull/35871	(@simonwuelker, #35871)	Don't run scripts in documents that don't have a browsing context (#35871)
https://github.com/servo/servo/pull/35865	(@boluochoufeng, #35865)	Fix the parsing error of PrefValue::Array, which is used for the parsing of Preferences shell_background_color_rgba field (#35865)
https://github.com/servo/servo/pull/35673	(@chickenleaf, #35673)	servoshell: Allow keyboard interaction with dialogs (enter / escape) (#35673)
https://github.com/servo/servo/pull/35860	(@Loirooriol, #35860)	layout: Support min/max cross keywords sizes in flexbox (#35860)
https://github.com/servo/servo/pull/35882	(@Loirooriol, #35882)	layout: Only prevent fixed table layout when `inline-size` is `auto` (#35882)
https://github.com/servo/servo/pull/35870	(@stephenmuss, #35870)	Show correctly computed element display type in devtools (#35870)
https://github.com/servo/servo/pull/35809	(@Loirooriol, #35809)	Add test for percentage sizes resolving against subpixel lengths (#35809)
https://github.com/servo/servo/pull/35826	(@Loirooriol, #35826)	layout: Handle keyword sizes when computing the hypothetical cross size (#35826)
https://github.com/servo/servo/pull/35849	(@xiaochengh, #35849)	Fix animation frame callback cancellation (#35849)
https://github.com/servo/servo/pull/35877	(@shanehandley, #35877)	script: use passive event listener option on AddEventListenerOptions (#35877)
https://github.com/servo/servo/pull/35876	(@simonwuelker, #35876)	Implement `nonce` attribute to pass more CSP checks (#35876)
>>> 2025-03-12T06:02:20Z
https://github.com/servo/servo/pull/35923	(@simonwuelker, #35923)	Implement `ElementInternals::shadowRoot` (#35923)
https://github.com/servo/servo/pull/35898	(@nicoburns, #35898)	Use new stylo crate renames (#35898)
https://github.com/servo/servo/pull/34714	(@asun0204@163.com, @Loirooriol, #34714)	Bump Stylo to from a93e7ef to 4add86f (#34714)
https://github.com/servo/servo/pull/35904	(@Loirooriol, #35904)	layout: Fix interaction of margin and stretch size on block-level boxes (#35904)
https://github.com/servo/servo/pull/35921	(@jschwe, #35921)	ohos: Remove direct link to ace_napi.z (#35921)
https://github.com/servo/servo/pull/35911	(@sagudev, #35911)	Allow try runs to all users with label permissions (#35911)
https://github.com/servo/servo/pull/35918	(@dependabot[bot], @dependabot[bot], #35918)	build(deps): bump clap from 4.5.31 to 4.5.32 (#35918)
https://github.com/servo/servo/pull/35919	(@dependabot[bot], @dependabot[bot], #35919)	build(deps): bump indexmap from 2.7.1 to 2.8.0 (#35919)
https://github.com/servo/servo/pull/35916	(@dependabot[bot], @dependabot[bot], #35916)	build(deps): bump once_cell from 1.20.3 to 1.21.0 (#35916)
https://github.com/servo/servo/pull/35915	(@dependabot[bot], @dependabot[bot], #35915)	build(deps): bump http from 1.2.0 to 1.3.0 (#35915)
https://github.com/servo/servo/pull/35895	(@mrobinson, #35895)	mach: Remove the `create-wpt` command (#35895)
https://github.com/servo/servo/pull/35899	(@simonwuelker, #35899)	Enable ShadowDom support by default (#35899)
https://github.com/servo/servo/pull/35896	(@mrobinson, #35896)	base: Finish rename of `TopLevelBrowsingContextId` to `WebViewId` (#35896)
https://github.com/servo/servo/pull/35906	(@Loirooriol, #35906)	Update env_logger to 0.11 to fix RUSTSEC-2025-0014 (#35906)
>>> 2025-03-13T06:07:10Z
https://github.com/servo/servo/pull/35934	(@DevGev, #35934)	compositing: Move `cursor_pos` member and update it in `update_cursor()` (#35934)
https://github.com/servo/servo/pull/35275	(@Loirooriol, #35275)	layout: Remove special height logic of replaced element with auto width (#35275)
https://github.com/servo/servo/pull/35946	(@Loirooriol, #35946)	Change github workflows to not compile legacy layout (#35946)
https://github.com/servo/servo/pull/35938	(@dependabot[bot], @dependabot[bot], #35938)	build(deps): bump http from 1.3.0 to 1.3.1 (#35938)
https://github.com/servo/servo/pull/35930	(@simonwuelker, #35930)	Set `is` value when constructing custom elements with the `new` operator (#35930)
https://github.com/servo/servo/pull/35941	(@dependabot[bot], @dependabot[bot], #35941)	build(deps): bump quote from 1.0.39 to 1.0.40 (#35941)
https://github.com/servo/servo/pull/35940	(@dependabot[bot], @dependabot[bot], #35940)	build(deps): bump winnow from 0.7.3 to 0.7.4 (#35940)
https://github.com/servo/servo/pull/35937	(@dependabot[bot], @dependabot[bot], #35937)	build(deps): bump aws-lc-rs from 1.12.5 to 1.12.6 (#35937)
https://github.com/servo/servo/pull/35936	(@dependabot[bot], @dependabot[bot], #35936)	build(deps): bump ring from 0.17.13 to 0.17.14 (#35936)
https://github.com/servo/servo/pull/35939	(@dependabot[bot], @dependabot[bot], #35939)	build(deps): bump http-body-util from 0.1.2 to 0.1.3 (#35939)
https://github.com/servo/servo/pull/35917	(@dependabot[bot], @dependabot[bot], #35917)	build(deps): bump libc from 0.2.170 to 0.2.171 (#35917)
https://github.com/servo/servo/pull/35719	(@sagudev, #35719)	canvas: Do not update ImageKey during canvas layout (#35719)
https://github.com/servo/servo/pull/35932	(@mrobinson, #35932)	deps: Correct stylo branch name (#35932)
https://github.com/servo/servo/pull/35924	(@mrobinson, #35924)	bhs: Remove direct link to `liblzma` (#35924)
https://github.com/servo/servo/pull/35791	(@sagudev, #35791)	Remove message from WebGL subtest name and remove stale expectations (#35791)
https://github.com/servo/servo/pull/35925	(@nicoburns, #35925)	Upgrade Stylo to 2025-03-01 (#35925)
>>> 2025-03-14T06:05:12Z
https://github.com/servo/servo/pull/35965	(@Loirooriol, #35965)	layout: Allow lazy resolution of automatic minimum sizes (#35965)
https://github.com/servo/servo/pull/35960	(@xiaochengh, #35960)	Check whether an element is custom in the spec-compliant way (#35960)
https://github.com/servo/servo/pull/35963	(@dependabot[bot], @dependabot[bot], #35963)	build(deps): bump tokio-util from 0.7.13 to 0.7.14 (#35963)
https://github.com/servo/servo/pull/35962	(@dependabot[bot], @dependabot[bot], #35962)	build(deps): bump tokio from 1.44.0 to 1.44.1 (#35962)
https://github.com/servo/servo/pull/35959	(@mrobinson, #35959)	script: Remove ThreadSafeLayoutNode::is_ignorable_whitespace (#35959)
https://github.com/servo/servo/pull/35958	(@simonwuelker, #35958)	Hide servo internal shadow roots from the inspector by default (#35958)
https://github.com/servo/servo/pull/35957	(@Loirooriol, #35957)	Fix Cargo.toml instructions for building Servo with a local Stylo (#35957)
https://github.com/servo/servo/pull/35933	(@mrobinson, #35933)	Use `strum` to iterate through enum variants and get their names (#35933)
https://github.com/servo/servo/pull/35884	(@atbrakhi, #35884)	devtools: use correct id for browser_id and outer_window_id (#35884)
https://github.com/servo/servo/pull/35883	(@xiaochengh, #35883)	Don't run disconnected callback on already disconnected custom elements (#35883)
https://github.com/servo/servo/pull/35952	(@Taym95, #35952)	script: refactor create_buffer_source_with_constructor (#35952)
https://github.com/servo/servo/pull/35755	(@simonwuelker, #35755)	Migrate to the 2024 edition (#35755)
https://github.com/servo/servo/pull/35942	(@atbrakhi, #35942)	devtools: improve ID Naming for better readability and context (#35942)
https://github.com/servo/servo/pull/35943	(@Loirooriol, #35943)	Remove legacy layout (layout 2013) (#35943)
https://github.com/servo/servo/pull/35947	(@Loirooriol, #35947)	Improve logic for establishing a stacking context (#35947)
>>> 2025-03-15T06:14:11Z
https://github.com/servo/servo/pull/35900	(@Loirooriol, #35900)	layout: Unify `FlexItem::new()` and `FlexItemBox::main_content_size_info()` (#35900)
https://github.com/servo/servo/pull/35970	(@simonwuelker, #35970)	script: Implement HTMLOptgroupElement::Label (#35970)
https://github.com/servo/servo/pull/35975	(@dependabot[bot], @dependabot[bot], #35975)	build(deps): bump half from 2.4.1 to 2.5.0 (#35975)
https://github.com/servo/servo/pull/35974	(@dependabot[bot], @dependabot[bot], #35974)	build(deps): bump once_cell from 1.21.0 to 1.21.1 (#35974)
https://github.com/servo/servo/pull/35973	(@dependabot[bot], @dependabot[bot], #35973)	build(deps): bump prettyplease from 0.2.30 to 0.2.31 (#35973)
https://github.com/servo/servo/pull/35926	(@chocolate-pie, @Loirooriol, #35926)	layout: Add support for basic transform css properties (#35926)
https://github.com/servo/servo/pull/35949	(@sebsebmc@gmail.com, #35949)	Bring back DOM GC checkpoint to script_thread (#35949)
>>> 2025-03-16T06:07:40Z
https://github.com/servo/servo/pull/35831	(@jdm, #35831)	Refactor common boilerplate out of serialize/transfer implementations (#35831)
https://github.com/servo/servo/pull/35737	(@jdm, #35737)	Various fixes for webdriver conformance tests (#35737)
https://github.com/servo/servo/pull/35972	(@mrobinson, #35972)	constellation: Remove two unused messages to the Constellation (#35972)
>>> 2025-03-17T06:07:34Z
https://github.com/servo/servo/pull/35992	(@nicoburns, #35992)	Upgrade to html5ever 0.30, xml5ever 0.21, markup5ever 0.15 (#35992)
https://github.com/servo/servo/pull/35988	(@jdm, #35988)	Move CustomTraceable to script_bindings. (#35988)
https://github.com/servo/servo/pull/35987	(@jdm, #35987)	Cleanups for future script crate split (#35987)
https://github.com/servo/servo/pull/35969	(@gterzian, #35969)	Use stream in file read operation (#35969)
>>> 2025-03-18T06:09:09Z
https://github.com/servo/servo/pull/36018	(@Loirooriol, #36018)	Fix WPT importer (#36018)
https://github.com/servo/servo/pull/36014	(@aryaajitnair@gmail.com, #36014)	feat: add CanGc argument to Error::to_jsval (#36014)
https://github.com/servo/servo/pull/36011	(@Loirooriol, #36011)	Bump Stylo to df459ec (#36011)
https://github.com/servo/servo/pull/36006	(@dependabot[bot], @dependabot[bot], #36006)	build(deps): bump foldhash from 0.1.4 to 0.1.5 (#36006)
https://github.com/servo/servo/pull/36007	(@dependabot[bot], @dependabot[bot], #36007)	build(deps): bump aws-lc-sys from 0.27.0 to 0.27.1 (#36007)
https://github.com/servo/servo/pull/36004	(@dependabot[bot], @dependabot[bot], #36004)	build(deps): bump async-compression from 0.4.20 to 0.4.21 (#36004)
https://github.com/servo/servo/pull/36001	(@dependabot[bot], @dependabot[bot], #36001)	build(deps): bump libz-sys from 1.1.21 to 1.1.22 (#36001)
https://github.com/servo/servo/pull/36000	(@dependabot[bot], @dependabot[bot], #36000)	build(deps): bump rustls from 0.23.23 to 0.23.25 (#36000)
https://github.com/servo/servo/pull/35990	(@nicoburns, #35990)	Upgrade Stylo to 2025-03-15 (#35990)
https://github.com/servo/servo/pull/34964	(@longvatrong111, #34964)	Implement declarative shadow dom (#34964)
>>> 2025-03-19T06:03:34Z
https://github.com/servo/servo/pull/35878	(@pewsheen, #35878)	feat: fetch notification image resources (#35878)
https://github.com/servo/servo/pull/36030	(@Loirooriol, #36030)	layout: Fix intrinsic contributions of indefinite `stretch` keyword (#36030)
https://github.com/servo/servo/pull/35967	(@sebsebmc@gmail.com, #35967)	bugfix: servoshell: prevent 0 pixel dimensions for render area (#35967)
https://github.com/servo/servo/pull/35761	(@yezhizhen, #35761)	Create `config_dir` if none exist for caching (#35761)
https://github.com/servo/servo/pull/36040	(@dependabot[bot], @dependabot[bot], #36040)	build(deps): bump libgit2-sys from 0.18.0+1.9.0 to 0.18.1+1.9.0 (#36040)
https://github.com/servo/servo/pull/36039	(@dependabot[bot], @dependabot[bot], #36039)	build(deps): bump time from 0.3.39 to 0.3.40 (#36039)
https://github.com/servo/servo/pull/36038	(@dependabot[bot], @dependabot[bot], #36038)	build(deps): bump windows-link from 0.1.0 to 0.1.1 (#36038)
https://github.com/servo/servo/pull/35650	(@gterzian, @Taym95, #35650)	Streams: Implement stream pipe-to (#35650)
https://github.com/servo/servo/pull/35551	(@stevennovaryo, #35551)	dom: Implement minimal IntersectionObserver workflow (#35551)
https://github.com/servo/servo/pull/36010	(@simonwuelker, #36010)	Set composed flag for mouse events dispatched by the UA (#36010)
https://github.com/servo/servo/pull/36017	(@dklassic, #36017)	chore: Move unsafe operations in unsafe functions to unsafe blocks (#36017)
https://github.com/servo/servo/pull/36019	(@servo-wpt-sync, #36019)	Update web-platform-tests to revision b'18fda923cafeb4e3e0546ffcfb2302c3b1b11f98' (#36019)
>>> 2025-03-20T06:06:12Z
https://github.com/servo/servo/pull/36043	(@aryaajitnair@gmail.com, #36043)	feat: add can_gc argument to to_frozen_array (#36043)
https://github.com/servo/servo/pull/36060	(@dependabot[bot], @dependabot[bot], #36060)	build(deps): bump bytemuck_derive from 1.8.1 to 1.9.1 (#36060)
https://github.com/servo/servo/pull/36024	(@longvatrong111, #36024)	Make Element::attach_shadow() and ShadowRoot closer to spec (#36024)
https://github.com/servo/servo/pull/35574	(@longvatrong111, #35574)	Fix UA style value for textarea (#35574)
https://github.com/servo/servo/pull/36022	(@rego@igalia.com, @Loirooriol, #36022)	Add --enable-experimental-web-platform-features command line (#36022)
https://github.com/servo/servo/pull/36051	(@Loirooriol, #36051)	layout: Stop ignoring containing block padding for the static position (#36051)
https://github.com/servo/servo/pull/36015	(@Loirooriol, #36015)	layout: Obey sizing keywords in `layout_for_block_content_size()` (#36015)
https://github.com/servo/servo/pull/36032	(@delan, #36032)	Devtools parser: add --json output mode (#36032)
https://github.com/servo/servo/pull/35961	(@Loirooriol, #35961)	layout: Support min/max main keyword sizes in flexbox (#35961)
https://github.com/servo/servo/pull/35956	(@atbrakhi, #35956)	devtools: Use `webview_id` as `browser_id` (#35956)
https://github.com/servo/servo/pull/36046	(@Loirooriol, #36046)	Cleanup Stylo dependencies (#36046)
https://github.com/servo/servo/pull/36045	(@Loirooriol, #36045)	layout: Don't consider a definite `stretch` size as intrinsic (#36045)
https://github.com/servo/servo/pull/35993	(@simonwuelker, #35993)	script: Implement `Range::getClientRects` and `Range::getBoundingClientRect` (#35993)
https://github.com/servo/servo/pull/36054	(@stephenmuss, #36054)	Support align attribute on HTMLParagraphElement interface (#36054)
https://github.com/servo/servo/pull/35668	(@delan, #35668)	libservo: Notify delegates of send errors in request objects (#35668)
>>> 2025-03-21T06:09:05Z
https://github.com/servo/servo/pull/36073	(@nicoburns, #36073)	Upgrade cssparser to 0.35 (#36073)
https://github.com/servo/servo/pull/36067	(@dependabot[bot], @dependabot[bot], #36067)	build(deps): bump bytemuck_derive from 1.9.1 to 1.9.2 (#36067)
https://github.com/servo/servo/pull/36037	(@TG199, #36037)	chore: simplify linux workflow (#36037)
>>> 2025-03-22T06:08:37Z
https://github.com/servo/servo/pull/36068	(@richarddushime, #36068)	[New]Simplify mac-wpt workflow. (#36068)
https://github.com/servo/servo/pull/36087	(@dependabot[bot], @dependabot[bot], #36087)	build(deps): bump cc from 1.2.16 to 1.2.17 (#36087)
https://github.com/servo/servo/pull/35985	(@mrobinson, #35985)	metrics: Simplify `ProgressiveWebMetrics` (#35985)
https://github.com/servo/servo/pull/36062	(@mrobinson, #36062)	constellation: Proxy `ScrollState` through the `Constellation` (#36062)
https://github.com/servo/servo/pull/36058	(@rayguo17, #36058)	pixels: Extend Image to allow for multiple frames (#36058)
>>> 2025-03-23T06:10:06Z
https://github.com/servo/servo/pull/35892	(@greg-morenz@droid.cafe, #35892)	Use explicit reborrows with mozjs::MutableHandle (#35892)
https://github.com/servo/servo/pull/35908	(@kenzieradityatirtarahardja18@gmail.com, @kenzieradityatirtarahardja.18@gmail.com, #35908)	Make input element display-inside always flow-root (#35908)
https://github.com/servo/servo/pull/36064	(@kenzieradityatirtarahardja18@gmail.com, @kenzieradityatirtarahardja.18@gmail.com, #36064)	Max assign outer block size to cell measures (#36064)
https://github.com/servo/servo/pull/36095	(@jdm, #36095)	crown: Do not check trait item projections. (#36095)
https://github.com/servo/servo/pull/36090	(@elomscansio, #36090)	Fix form validation for readonly inputs and update WPT expectations (#36090)
https://github.com/servo/servo/pull/36088	(@mrobinson, #36088)	Create a `constellation_traits` crate (#36088)
https://github.com/servo/servo/pull/36093	(@jerensl, #36093)	devtools: refactor network related (#36093)
>>> 2025-03-24T06:07:17Z
https://github.com/servo/servo/pull/36103	(@jerensl, #36103)	fix: radio input element don't trigger validity state (#36103)
https://github.com/servo/servo/pull/36106	(@simonwuelker, #36106)	script: Implement `Element::GetHTML` and `ShadowRoot::GetHTML` (#36106)
https://github.com/servo/servo/pull/35859	(@webbeef, #35859)	webgpu: leverage routed_promise in calls returning promises (#35859)
https://github.com/servo/servo/pull/36107	(@jdm, #36107)	script: Ensure promises are considered DOM interfaces when generating bindings. (#36107)
https://github.com/servo/servo/pull/36056	(@Loirooriol, #36056)	layout: Implement the `fit-content()` sizing function (#36056)
https://github.com/servo/servo/pull/36104	(@simonwuelker, #36104)	Don't clear children of declarative shadow hosts when imperatively attaching another shadow root (#36104)
https://github.com/servo/servo/pull/36089	(@mrobinson, #36089)	compositor: Remove the script channel from the compositor (#36089)
https://github.com/servo/servo/pull/36102	(@mrobinson, #36102)	Remove `components/shared/compositing/constellation_msg.rs` (#36102)
https://github.com/servo/servo/pull/35017	(@webbeef, @mrobinson, #35017)	script: Allow opening links in a new `WebView` (#35017)
https://github.com/servo/servo/pull/36101	(@sagudev, #36101)	Fix WPT Import (#36101)
https://github.com/servo/servo/pull/36099	(@simonwuelker, #36099)	Add commented patch definition for html5ever crates (#36099)
https://github.com/servo/servo/pull/36098	(@sagudev, #36098)	ci: Fix WPT import (#36098)
>>> 2025-03-25T06:08:25Z
https://github.com/servo/servo/pull/35683	(@IsaacMarovitz, #35683)	servoshell: Use sRGB colorspace on macOS (#35683)
https://github.com/servo/servo/pull/36135	(@aryaajitnair@gmail.com, #36135)	fix: does_settings_prohibit_mixed_security_contexts typo (#36135)
https://github.com/servo/servo/pull/36127	(@dependabot[bot], @dependabot[bot], #36127)	build(deps): bump log from 0.4.26 to 0.4.27 (#36127)
https://github.com/servo/servo/pull/36055	(@pewsheen, #36055)	feat(notification): add `EmbedderMsg::ShowNotification` (#36055)
https://github.com/servo/servo/pull/36082	(@Loirooriol, @mrobinson, #36082)	layout: Cache `IndependentNonReplacedContents::layout()` (#36082)
>>> 2025-03-26T06:13:36Z
https://github.com/servo/servo/pull/36136	(@mrees@noeontheend.com, #36136)	Fix check in get_array_index_from_id to return early on ASCII char (#36136)
https://github.com/servo/servo/pull/36156	(@aryaajitnair@gmail.com, #36156)	feat: add CanGc argument in get_dictionary_property (#36156)
https://github.com/servo/servo/pull/36154	(@atouchet, #36154)	Update Dependabot stylo crates again (#36154)
https://github.com/servo/servo/pull/36145	(@simonwuelker, #36145)	Import URLPattern tests (#36145)
https://github.com/servo/servo/pull/36153	(@dependabot[bot], @dependabot[bot], #36153)	build(deps): bump rustls-webpki from 0.103.0 to 0.103.1 (#36153)
https://github.com/servo/servo/pull/36150	(@dependabot[bot], @dependabot[bot], #36150)	build(deps): bump thin-vec from 0.2.13 to 0.2.14 (#36150)
https://github.com/servo/servo/pull/36152	(@dependabot[bot], @dependabot[bot], #36152)	build(deps): bump async-compression from 0.4.21 to 0.4.22 (#36152)
https://github.com/servo/servo/pull/36149	(@dependabot[bot], @dependabot[bot], #36149)	build(deps): bump time from 0.3.40 to 0.3.41 (#36149)
https://github.com/servo/servo/pull/36148	(@dependabot[bot], @dependabot[bot], #36148)	build(deps): bump stylo_malloc_size_of from `e941241` to `bc4717c` (#36148)
https://github.com/servo/servo/pull/36097	(@jdm, #36097)	script: Support converting JS values to Rc<Promise> with FromJSValConvertible. (#36097)
https://github.com/servo/servo/pull/36137	(@sagudev, #36137)	Update names of stylo crates in dependabot.yml (#36137)
https://github.com/servo/servo/pull/36140	(@mukilan, #36140)	build: bump nixpkgs to nixos-unstable (#36140)
https://github.com/servo/servo/pull/36047	(@MDCODE247, @mukilan, #36047)	Remove references to 2020 layout in try_parser.py (#36047)
https://github.com/servo/servo/pull/36120	(@nicoburns, #36120)	Upgrade to Stylo e941241 (#36120)
https://github.com/servo/servo/pull/36123	(@mrobinson, #36123)	layout: Ensure compatible positioning context during flexbox block content sizing calculation (#36123)
https://github.com/servo/servo/pull/36131	(@dependabot[bot], @dependabot[bot], #36131)	build(deps): bump jiff from 0.2.4 to 0.2.5 (#36131)
https://github.com/servo/servo/pull/35996	(@sagudev, @mrobinson, #35996)	canvas: Update the image as part of update the rendering (#35996)
>>> 2025-03-27T06:11:58Z
https://github.com/servo/servo/pull/35388	(@Legend-Master, #35388)	Allow setting userscripts directly without the need of files (#35388)
https://github.com/servo/servo/pull/35989	(@jdm, @mrobinson, #35989)	Make DOMPoint and DOMPointReadOnly serializable (#35989)
https://github.com/servo/servo/pull/36116	(@jdm, #36116)	script: Expose new methods for obtaining a global that require a realm. (#36116)
https://github.com/servo/servo/pull/36172	(@TG199, #36172)	chore: Remove unused generation counter field from LayoutThread (#36172)
https://github.com/servo/servo/pull/36172	(@TG199, #36172)	chore: Remove unused generation counter field from LayoutThread (#36172)
https://github.com/servo/servo/pull/36112	(@elomscansio, @jdm, #36112)	Fix Backspace deleting entire previous line in `<textarea>` (#36112)
https://github.com/servo/servo/pull/36170	(@dependabot[bot], @dependabot[bot], #36170)	build(deps): bump quick-xml from 0.37.2 to 0.37.3 (#36170)
https://github.com/servo/servo/pull/35783	(@lukas@lihotzki.de, #35783)	Add `Path2D` (#35783)
https://github.com/servo/servo/pull/36160	(@greg-morenz@droid.cafe, #36160)	Stop using MutableHandle's DerefMut impl (#36160)
https://github.com/servo/servo/pull/36048	(@gterzian, #36048)	Use read all bytes when consuming body (#36048)
https://github.com/servo/servo/pull/36161	(@greg-morenz@droid.cafe, #36161)	Stop using JS::MutableHandle's DerefMut impl (#36161)
https://github.com/servo/servo/pull/36146	(@mrobinson, #36146)	script: Eliminate `PseudoElementType` (#36146)
>>> 2025-03-28T06:07:47Z
https://github.com/servo/servo/pull/36179	(@aniebietafia, #36179)	Replace some uses of window.global() with upcast. (#36179)
https://github.com/servo/servo/pull/36173	(@elomscansio, #36173)	fix(parser): Set shadowâ€™s available to element internals in attach_declarative_shadow (#36173)
https://github.com/servo/servo/pull/36189	(@dependabot[bot], @dependabot[bot], #36189)	build(deps): bump icu_segmenter_data from 1.5.0 to 1.5.1 (#36189)
https://github.com/servo/servo/pull/36188	(@dependabot[bot], @dependabot[bot], #36188)	build(deps): bump icu_normalizer_data from 1.5.0 to 1.5.1 (#36188)
https://github.com/servo/servo/pull/36187	(@dependabot[bot], @dependabot[bot], #36187)	build(deps): bump icu_collator_data from 1.5.0 to 1.5.1 (#36187)
https://github.com/servo/servo/pull/36186	(@dependabot[bot], @dependabot[bot], #36186)	build(deps): bump dwrote from 0.11.2 to 0.11.3 (#36186)
https://github.com/servo/servo/pull/36185	(@dependabot[bot], @dependabot[bot], #36185)	build(deps): bump icu_calendar_data from 1.5.0 to 1.5.1 (#36185)
https://github.com/servo/servo/pull/36184	(@dependabot[bot], @dependabot[bot], #36184)	build(deps): bump icu_list_data from 1.5.0 to 1.5.1 (#36184)
https://github.com/servo/servo/pull/36183	(@dependabot[bot], @dependabot[bot], #36183)	build(deps): bump icu_casemap_data from 1.5.0 to 1.5.1 (#36183)
https://github.com/servo/servo/pull/36182	(@dependabot[bot], @dependabot[bot], #36182)	build(deps): bump icu_experimental_data from 0.1.0 to 0.1.1 (#36182)
https://github.com/servo/servo/pull/36144	(@simonwuelker, #36144)	Start implementing the `URLPattern` API (#36144)
https://github.com/servo/servo/pull/36169	(@virtualritz@protonmail.com, #36169)	Made MAX_TASK_NS u128. Also removed a superfluous into(). Both were required to fix #36122 with nightly 1.85.0 (4d91de4e4 2025-02-17). (#36169)
https://github.com/servo/servo/pull/36129	(@dependabot[bot], @dependabot[bot], #36129)	build(deps): bump iana-time-zone from 0.1.61 to 0.1.62 (#36129)
>>> 2025-03-29T06:07:28Z
https://github.com/servo/servo/pull/36214	(@greg-morenz@droid.cafe, #36214)	Remove redundant `rooted_vec` macro (#36214)
https://github.com/servo/servo/pull/36163	(@andrei.volykhin@gmail.com, #36163)	dom: Track "removed" event listener status (#36163)
https://github.com/servo/servo/pull/36141	(@rayguo17, #36141)	Animation: Aggregate Animated Image Info to Document (#36141)
https://github.com/servo/servo/pull/36200	(@kongbai1996, #36200)	Fixed the problem that touchmove cannot be disabled when preventDefault is invoked on touchstart. (#36200)
https://github.com/servo/servo/pull/36192	(@abotella@igalia.com, #36192)	Consume BOM in the `text()` method of fetch bodies (#36192)
https://github.com/servo/servo/pull/36213	(@dependabot[bot], @dependabot[bot], #36213)	build(deps): bump icu_plurals_data from 1.5.0 to 1.5.1 (#36213)
https://github.com/servo/servo/pull/36212	(@dependabot[bot], @dependabot[bot], #36212)	build(deps): bump icu_decimal_data from 1.5.0 to 1.5.1 (#36212)
https://github.com/servo/servo/pull/36211	(@dependabot[bot], @dependabot[bot], #36211)	build(deps): bump icu_properties_data from 1.5.0 to 1.5.1 (#36211)
https://github.com/servo/servo/pull/36208	(@dependabot[bot], @dependabot[bot], #36208)	build(deps): bump icu_datetime_data from 1.5.0 to 1.5.1 (#36208)
https://github.com/servo/servo/pull/36209	(@dependabot[bot], @dependabot[bot], #36209)	build(deps): bump icu_timezone_data from 1.5.0 to 1.5.1 (#36209)
https://github.com/servo/servo/pull/36207	(@dependabot[bot], @dependabot[bot], #36207)	build(deps): bump bytemuck_derive from 1.9.2 to 1.9.3 (#36207)
https://github.com/servo/servo/pull/36206	(@dependabot[bot], @dependabot[bot], #36206)	build(deps): bump once_cell from 1.21.1 to 1.21.2 (#36206)
https://github.com/servo/servo/pull/36205	(@dependabot[bot], @dependabot[bot], #36205)	build(deps): bump clap from 4.5.32 to 4.5.34 (#36205)
https://github.com/servo/servo/pull/36204	(@dependabot[bot], @dependabot[bot], #36204)	build(deps): bump string_cache from 0.8.8 to 0.8.9 (#36204)
https://github.com/servo/servo/pull/35739	(@tomov@dilacero.org, #35739)	Check for existence of 'sudo' on Linux in ./mach bootstrap (#35739)
https://github.com/servo/servo/pull/36194	(@abotella@igalia.com, #36194)	Fix content-type when creating a `Request` with `FormData` body (#36194)
https://github.com/servo/servo/pull/36158	(@greg-morenz@droid.cafe, #36158)	Stop using `RootedGuard's` DerefMut impl (#36158)
https://github.com/servo/servo/pull/36193	(@jdm, #36193)	net: Add missing feature required for unit tests. (#36193)
https://github.com/servo/servo/pull/36197	(@barigbuenbira@gmail.com, #36197)	fix: prevent missing value error for radio button inputs without a name (#36197)
https://github.com/servo/servo/pull/36198	(@mukilan, #36198)	doc: fix broken link to UnrootedMustRoot plugin (#36198)
https://github.com/servo/servo/pull/36201	(@delan, #36201)	Install tshark for automated tests in #36033 (#36201)
https://github.com/servo/servo/pull/36190	(@dependabot[bot], @dependabot[bot], #36190)	build(deps): bump icu_locid_transform_data from 1.5.0 to 1.5.1 (#36190)
https://github.com/servo/servo/pull/36195	(@servo-wpt-sync, #36195)	Update web-platform-tests to revision b'9d20f3ae600d00673a27a69f69e13d4cd8eca443' (#36195)
>>> 2025-03-30T06:13:40Z
https://github.com/servo/servo/pull/36222	(@servo-wpt-sync, #36222)	Update web-platform-tests to revision b'efce5c7cd31b0e1add4f41758504c767b56abeed' (#36222)
https://github.com/servo/servo/pull/36219	(@atouchet, #36219)	Cargo.toml cleanup (#36219)
https://github.com/servo/servo/pull/36218	(@kongbai1996, #36218)	Fixed an incorrect touchmove event triggered when the second finger is pressed. (#36218)
https://github.com/servo/servo/pull/36210	(@chocolate-pie, #36210)	layout: Implement support for `image-set()` notation (#36210)
https://github.com/servo/servo/pull/36180	(@abonghoderick@gmail.com, #36180)	Propagate CanGc arguments through HTMLCollection constructors (#36180)
https://github.com/servo/servo/pull/36111	(@abonghoderick@gmail.com, #36111)	resolve issue #36074 new_js_regex and matches_js_regex need a CanGc argument (#36111)
https://github.com/servo/servo/pull/36202	(@mrobinson, #36202)	layout: Simplify and generalize the usage of pseudo-elements (#36202)
https://github.com/servo/servo/pull/36216	(@jdm, #36216)	Miscellaneous script splitting preparation changes (#36216)
https://github.com/servo/servo/pull/36033	(@delan, @ar1a, #36033)	Devtools parser: reassemble fragmented messages (#36033)
>>> 2025-03-31T06:04:30Z
https://github.com/servo/servo/pull/36226	(@simonwuelker, #36226)	Only invoke resize observer callback when the observed element changed its size (#36226)
https://github.com/servo/servo/pull/36224	(@atouchet, #36224)	Organize component Cargo.toml dependencies (#36224)
https://github.com/servo/servo/pull/36220	(@jdm, #36220)	More miscellaneous script splitting changes (#36220)
https://github.com/servo/servo/pull/36203	(@mrobinson, #36203)	Use a simpler GitHub pull request template (#36203)
>>> 2025-04-01T06:07:41Z
https://github.com/servo/servo/pull/36253	(@UssyMan, #36253)	Add SimulateColorScheme command and script thread handling (#36253)
https://github.com/servo/servo/pull/36255	(@simonwuelker, #36255)	Remove ServoParser::do_parse_sync (#36255)
https://github.com/servo/servo/pull/36246	(@Loirooriol, #36246)	Enable css-nesting WPT tests (#36246)
https://github.com/servo/servo/pull/36244	(@dependabot[bot], @dependabot[bot], #36244)	build(deps): bump darling from 0.20.10 to 0.20.11 (#36244)
https://github.com/servo/servo/pull/36243	(@dependabot[bot], @dependabot[bot], #36243)	build(deps): bump socket2 from 0.5.8 to 0.5.9 (#36243)
https://github.com/servo/servo/pull/36168	(@UssyMan, #36168)	Track the active tab and browsing context for devtools (#36168)
https://github.com/servo/servo/pull/36242	(@dependabot[bot], @dependabot[bot], #36242)	build(deps): bump iana-time-zone from 0.1.62 to 0.1.63 (#36242)
https://github.com/servo/servo/pull/36241	(@dependabot[bot], @dependabot[bot], #36241)	build(deps): bump once_cell from 1.21.2 to 1.21.3 (#36241)
https://github.com/servo/servo/pull/36239	(@andrei.volykhin@gmail.com, #36239)	dom: Set "composed" flag on construction for some event types (#36239)
https://github.com/servo/servo/pull/36230	(@jdm, #36230)	script: Fix resize observer depth calculation for Shadow DOM. (#36230)
https://github.com/servo/servo/pull/36233	(@simonwuelker, #36233)	Remove interior mutability from `ResizeObservation` (#36233)
https://github.com/servo/servo/pull/36227	(@simonwuelker, #36227)	Refuse to provide partial response from earlier ranged request to API that did not make a range request (#36227)
https://github.com/servo/servo/pull/36229	(@kongbai1996, #36229)	Fixed the crash issue when the openharmony web component is adapted. (#36229)
https://github.com/servo/servo/pull/36221	(@jdm, #36221)	Enable service worker WPT tests. (#36221)
>>> 2025-04-02T06:12:13Z
https://github.com/servo/servo/pull/36276	(@mrobinson, #36276)	libservo: Remove a couple `EmbedderMethods` (#36276)
https://github.com/servo/servo/pull/36281	(@TimvdLippe, #36281)	Remove meta-legacy-layout wpt tests (#36281)
https://github.com/servo/servo/pull/36254	(@Loirooriol, #36254)	Turn `CSSStyleRule` into a `CSSGroupingRule` subclass (#36254)
https://github.com/servo/servo/pull/36280	(@dependabot[bot], @dependabot[bot], #36280)	build(deps): bump quick-xml from 0.37.3 to 0.37.4 (#36280)
https://github.com/servo/servo/pull/36279	(@dependabot[bot], @dependabot[bot], #36279)	build(deps): bump hyper-util from 0.1.10 to 0.1.11 (#36279)
https://github.com/servo/servo/pull/36257	(@stevennovaryo, #36257)	canvas: Implement line dash setters and getters (#36257)
https://github.com/servo/servo/pull/36248	(@Loirooriol, #36248)	Implement CSSNestedDeclarations (#36248)
https://github.com/servo/servo/pull/36249	(@Loirooriol, #36249)	Enable CSS parent selector (`&`) (#36249)
https://github.com/servo/servo/pull/35971	(@delan, #35971)	devtools: Fix id collisions by using incrementing counters (#35971)
https://github.com/servo/servo/pull/36256	(@jdm, #36256)	Fix null realm assertion when activating a service worker (#36256)
https://github.com/servo/servo/pull/36236	(@MDCODE247, #36236)	script: Use `RegExpFlag_UnicodeSets` when validating regular expressions in `HTMLInputElement` (#36236)
>>> 2025-04-03T06:09:09Z
https://github.com/servo/servo/pull/36282	(@gterzian, #36282)	Add license for WHATWG specifications in code (#36282)
https://github.com/servo/servo/pull/36296	(@dependabot[bot], @dependabot[bot], #36296)	build(deps): bump clap from 4.5.34 to 4.5.35 (#36296)
https://github.com/servo/servo/pull/36294	(@dependabot[bot], @dependabot[bot], #36294)	build(deps): bump env_logger from 0.11.7 to 0.11.8 (#36294)
https://github.com/servo/servo/pull/36293	(@dependabot[bot], @dependabot[bot], #36293)	build(deps): bump aws-lc-rs from 1.12.6 to 1.13.0 (#36293)
https://github.com/servo/servo/pull/36292	(@dependabot[bot], @dependabot[bot], #36292)	build(deps): bump flate2 from 1.1.0 to 1.1.1 (#36292)
https://github.com/servo/servo/pull/36133	(@richarddushime, #36133)	Use Window in new methods instead of GlobalScope for interfaces with â€¦ (#36133)
https://github.com/servo/servo/pull/36272	(@mrobinson, @Loirooriol, #36272)	script: Create `CSSStyleOwner::Null` for `getComputedStyle` (#36272)
https://github.com/servo/servo/pull/36278	(@Loirooriol, #36278)	layout: Allow collapsing bottom margins with any indefinite block size (#36278)
https://github.com/servo/servo/pull/36274	(@andrei.volykhin@gmail.com, #36274)	dom: Firing "click" event as synthetic pointer event (#36274)
https://github.com/servo/servo/pull/36223	(@mrobinson, #36223)	libservo: Start moving `WindowMethods` to `WebViewDelegate` (#36223)
https://github.com/servo/servo/pull/36238	(@shubhamg13, #36238)	Fix broken unit-test of webview (#36238)
>>> 2025-04-04T06:05:48Z
https://github.com/servo/servo/pull/36298	(@barigbuenbira@gmail.com, #36298)	Fix:  `display: inline-grid` considered an atomic inline (#36298)
https://github.com/servo/servo/pull/36316	(@Loirooriol, #36316)	Enable layout_grid_enabled pref for all tests (#36316)
https://github.com/servo/servo/pull/36174	(@mrees@noeontheend.com, #36174)	fix: root element not establishing stacking context (#35390) (#36174)
https://github.com/servo/servo/pull/36313	(@Loirooriol, #36313)	script: Implement deprecated CSSStyleSheet members (#36313)
https://github.com/servo/servo/pull/36311	(@Loirooriol, #36311)	layout: Improve style conversion for Taffy (#36311)
https://github.com/servo/servo/pull/35684	(@simonwuelker, #35684)	Support single-value `<select>` elements (#35684)
>>> 2025-04-05T06:05:57Z
https://github.com/servo/servo/pull/36225	(@simonwuelker, #36225)	script: Implement input preprocessing for URLPatterns (#36225)
https://github.com/servo/servo/pull/36330	(@jdm, #36330)	constellation: Only return focused browsing contexts that exist. (#36330)
https://github.com/servo/servo/pull/36354	(@TimvdLippe, #36354)	Run Trusted Types tests (#36354)
https://github.com/servo/servo/pull/36301	(@sebsebmc@gmail.com, @sagudev, #36301)	Implement TestUtils (#36301)
https://github.com/servo/servo/pull/36341	(@mrobinson, #36341)	constellation: Rename messages sent to the `Constellation` (#36341)
https://github.com/servo/servo/pull/36329	(@webbeef, #36329)	Prevent zombie processes in multi-process mode. (#36329)
https://github.com/servo/servo/pull/36343	(@mrobinson, #36343)	script: Remove code dealing with `CompositorUntrustedNode` (#36343)
https://github.com/servo/servo/pull/36345	(@dependabot[bot], @dependabot[bot], #36345)	build(deps): bump cc from 1.2.17 to 1.2.18 (#36345)
https://github.com/servo/servo/pull/36344	(@dependabot[bot], @dependabot[bot], #36344)	build(deps): bump errno from 0.3.10 to 0.3.11 (#36344)
https://github.com/servo/servo/pull/36342	(@dependabot[bot], @dependabot[bot], #36342)	build(deps): bump miniz_oxide from 0.8.5 to 0.8.7 (#36342)
https://github.com/servo/servo/pull/36312	(@mrobinson, #36312)	constellation: Stop assuming that the viewport is shared by all WebViews (#36312)
https://github.com/servo/servo/pull/36339	(@Loirooriol, #36339)	Remove layout_writing_mode_enabled from experimental features (#36339)
https://github.com/servo/servo/pull/36334	(@rego@igalia.com, #36334)	wpt: Unskip webaudio tests as most are passing (#36334)
https://github.com/servo/servo/pull/36332	(@mrobinson, #36332)	script: Remove dependency on `webgpu` (#36332)
https://github.com/servo/servo/pull/36333	(@rego@igalia.com, #36333)	wpt: Unskip old-tests/ folder as most tests are passing (#36333)
https://github.com/servo/servo/pull/36288	(@Loirooriol, #36288)	layout: Restrict stretch alignment to flex items with computed auto size (#36288)
https://github.com/servo/servo/pull/36314	(@rego@igalia.com, #36314)	wpt: Unskip css/css-text/i18n as many tests are passing there (#36314)
https://github.com/servo/servo/pull/36070	(@jschwe, #36070)	mach: Fix cross-compiling from windows to non windows (#36070)
https://github.com/servo/servo/pull/36320	(@mrobinson, #36320)	webgpu: Add a `webgpu_traits` crate (#36320)
https://github.com/servo/servo/pull/36302	(@shubhamg13, #36302)	Separate `WebviewManager` from `Webview` in `compositor` and `constellation` (#36302)
https://github.com/servo/servo/pull/36323	(@jdm, #36323)	Move generated bindings to script_bindings (#36323)
https://github.com/servo/servo/pull/36327	(@jdm, #36327)	Ignore cert errors when running wdspec tests. (#36327)
https://github.com/servo/servo/pull/36306	(@yezhizhen, #36306)	Webdriver delete cookie (#36306)
>>> 2025-04-06T06:04:59Z
https://github.com/servo/servo/pull/36369	(@servo-wpt-sync, #36369)	Sync WPT with upstream (06-04-2025) (#36369)
https://github.com/servo/servo/pull/36338	(@sakupi1101@outlook.jp, #36338)	Fix: Add support for stylesheet MIME type quirk in quirks mode (#36338)
https://github.com/servo/servo/pull/36364	(@mrobinson, #36364)	Move `ScriptToConstellationMsg` to `constellation_traits` (#36364)
https://github.com/servo/servo/pull/36365	(@kaushikashok45, @ashok.kaushik@zohocorp.com, #36365)	Refactor:Refactors report_cross_origin_denial method to use unsafe block (#36365)
https://github.com/servo/servo/pull/36355	(@TimvdLippe, #36355)	Stub out Trusted Types interfaces (#36355)
https://github.com/servo/servo/pull/36361	(@kkoyung, #36361)	structuredclone::read throws a DataClone error on failure (#36361)
https://github.com/servo/servo/pull/35863	(@webbeef, #35863)	Make the memory reporting multi-process aware (#35863)
https://github.com/servo/servo/pull/36157	(@sebsebmc@gmail.com, #36157)	Check all ancestor navigable trustworthiness for mixed content (#36157)
>>> 2025-04-07T06:06:24Z
https://github.com/servo/servo/pull/36336	(@Gae24, #36336)	dom: Implement `ClipboardItem` (#36336)
https://github.com/servo/servo/pull/36375	(@yerke, #36375)	Add CanGc as arguments in methods in devtools.rs, CharacterData, CSSStyleRule, CSSStyleSheet (#36375)
https://github.com/servo/servo/pull/36252	(@elomscansio, #36252)	Fix radio group validity update when removing or selecting an input (#36252)
https://github.com/servo/servo/pull/36372	(@mrobinson, #36372)	`compositing`: Combine `webrender_traits` and `compositing_traits` (#36372)
https://github.com/servo/servo/pull/36373	(@uthmaniv, #36373)	Remove unsafe from cross_origin_property_fallback (#36373)
https://github.com/servo/servo/pull/36297	(@uthmaniv, #36297)	Process colorSchemeSimulation in TargetConfigurationActor (#36297)
https://github.com/servo/servo/pull/36366	(@uthmaniv, #36366)	Remove unsafe from maybe_cross_origin_get_prototype (#36366)
https://github.com/servo/servo/pull/36371	(@yerke, #36371)	Add CanGc as arguments in methods in Attr and Node (#36371)
>>> 2025-04-08T06:08:09Z
https://github.com/servo/servo/pull/36395	(@yerke, #36395)	add CanGc as argument to methods in DissimilarOriginWindow, DocumentFragment, DocumentType, DOMRect, DOMRectReadOnly, DOMStringMap (#36395)
https://github.com/servo/servo/pull/36392	(@yerke, #36392)	refactor: add CanGc as argument to methods in Document (#36392)
https://github.com/servo/servo/pull/36390	(@sebsebmc@gmail.com, #36390)	fix: meta referrer updating to follow spec (#36390)
https://github.com/servo/servo/pull/36387	(@dependabot[bot], @dependabot[bot], #36387)	build(deps): bump smallvec from 1.14.0 to 1.15.0 (#36387)
https://github.com/servo/servo/pull/36391	(@simonwuelker, #36391)	Split up the URLPattern implementation (#36391)
https://github.com/servo/servo/pull/36388	(@dependabot[bot], @dependabot[bot], #36388)	build(deps): bump indexmap from 2.8.0 to 2.9.0 (#36388)
https://github.com/servo/servo/pull/36389	(@dependabot[bot], @dependabot[bot], #36389)	build(deps): bump prettyplease from 0.2.31 to 0.2.32 (#36389)
https://github.com/servo/servo/pull/36382	(@simonwuelker, #36382)	Create a parser for URLPatterns (#36382)
https://github.com/servo/servo/pull/36317	(@mrobinson, #36317)	layout: Add initial support for the `::marker` pseudo-element (#36317)
https://github.com/servo/servo/pull/36385	(@gterzian, #36385)	Streams: add an underlying sink type (#36385)
https://github.com/servo/servo/pull/36340	(@rego@igalia.com, #36340)	wpt: Unskip acid folder as most tests are passing (#36340)
https://github.com/servo/servo/pull/36383	(@uthmaniv, #36383)	Remove trailing space in CSSStyleSheet::AddRule() (#36383)
https://github.com/servo/servo/pull/35978	(@yezhizhen, #35978)	Fix transition toggle & cancellation & delay (#35978)
https://github.com/servo/servo/pull/36374	(@Tobias.frischmann1@gmail.com, @mrobinson, @jdm, #36374)	layout: Scale images in `image_set` by their specified resolution (#36374)
https://github.com/servo/servo/pull/36348	(@Loirooriol, #36348)	Enable layout_container_queries_enabled on all WPT tests (#36348)
https://github.com/servo/servo/pull/36377	(@mukilan, #36377)	ci: use Ubuntu 22.04 for nightly jobs (#36377)
https://github.com/servo/servo/pull/36362	(@simonwuelker, #36362)	Add a tokenizer for URLPatterns (#36362)
>>> 2025-04-09T06:09:16Z
https://github.com/servo/servo/pull/36384	(@sagudev, #36384)	script: copy include! files from script_bindings to script's OUT_DIR (#36384)
https://github.com/servo/servo/pull/36399	(@barigbuenbira@gmail.com, #36399)	Remove unsafe annotation add to unsafe blocks (#36399)
https://github.com/servo/servo/pull/36407	(@dependabot[bot], @dependabot[bot], #36407)	build(deps): bump winnow from 0.7.4 to 0.7.6 (#36407)
https://github.com/servo/servo/pull/36406	(@dependabot[bot], @dependabot[bot], #36406)	build(deps): bump jiff from 0.2.5 to 0.2.6 (#36406)
https://github.com/servo/servo/pull/36405	(@dependabot[bot], @dependabot[bot], #36405)	build(deps): bump half from 2.5.0 to 2.6.0 (#36405)
https://github.com/servo/servo/pull/36284	(@simonwuelker, #36284)	Unify the way html5ever and xml5ever block on script elements (#36284)
https://github.com/servo/servo/pull/36402	(@jdm, #36402)	Run subset of CSP tests by default. (#36402)
https://github.com/servo/servo/pull/36164	(@delan, @atbrakhi, #36164)	Devtools: initial Debugger > Sources panel (#36164)
>>> 2025-04-10T06:07:38Z
https://github.com/servo/servo/pull/36347	(@barigbuenbira@gmail.com, #36347)	refactor: use is_zero() instead of comparing with Au::Zero() (#36347)
https://github.com/servo/servo/pull/36400	(@mrobinson, #36400)	libservo: Move animation tracking from `WindowMethods` to delegates (#36400)
https://github.com/servo/servo/pull/36424	(@dependabot[bot], @dependabot[bot], #36424)	build(deps): bump vergen from 9.0.4 to 9.0.6 (#36424)
https://github.com/servo/servo/pull/36425	(@dependabot[bot], @dependabot[bot], #36425)	build(deps): bump xml-rs from 0.8.25 to 0.8.26 (#36425)
https://github.com/servo/servo/pull/36403	(@Gae24, #36403)	script: Correctly convert a jsval to a `Promise` (#36403)
https://github.com/servo/servo/pull/36420	(@mrobinson, #36420)	libservo: Move `EventLooperWaker` from `webxr_traits` to `embedder_traits` (#36420)
https://github.com/servo/servo/pull/36386	(@dependabot[bot], @dependabot[bot], #36386)	build(deps): bump gilrs-core from 0.6.1 to 0.6.4 (#36386)
https://github.com/servo/servo/pull/36404	(@mrobinson, @Loirooriol, #36404)	layout: Enable using cached fragments when there is a BoxTree update point (#36404)
https://github.com/servo/servo/pull/36416	(@sagudev, #36416)	mach try: Add `wpt` alias for `linux-wpt` (#36416)
https://github.com/servo/servo/pull/36411	(@Loirooriol, #36411)	Add serde and wgsl features to wgpu-core (#36411)
https://github.com/servo/servo/pull/36415	(@dependabot[bot], @dependabot[bot], #36415)	build(deps): bump miniz_oxide from 0.8.7 to 0.8.8 (#36415)
https://github.com/servo/servo/pull/36412	(@Loirooriol, #36412)	build(deps): bump crossbeam-channel from 0.5.14 to 0.5.15 (#36412)
>>> 2025-04-11T06:06:29Z
https://github.com/servo/servo/pull/36448	(@mrobinson, @Loirooriol, #36448)	layout: Add documentation for `CacheableLayoutResultAndInputs` (#36448)
https://github.com/servo/servo/pull/36429	(@atouchet, #36429)	Replace bluetooth Readme with corrected version from devices repository (#36429)
https://github.com/servo/servo/pull/36450	(@dependabot[bot], @dependabot[bot], #36450)	build(deps): bump rustls from 0.23.25 to 0.23.26 (#36450)
https://github.com/servo/servo/pull/36446	(@Loirooriol, #36446)	Implement `disabled` attribute for `<link rel="stylesheet">` (#36446)
https://github.com/servo/servo/pull/35830	(@dklassic, #35830)	feat: Implement display for text selection and caret (#35830)
https://github.com/servo/servo/pull/36439	(@kkoyung, #36439)	Drop vergen_git2 dependency (#36439)
https://github.com/servo/servo/pull/36436	(@jdm, #36436)	Run all CSP tests in CI by default. (#36436)
